// Jest Snapshot v1, https://goo.gl/fbAQLP

exports[`Test Quote components It should render correctly 1`] = `
<div
  className="container-fluid text-center py-5"
>
  <p
    className="fw-bold h5"
  >
    Mathematics is not about numbers, equations, computations,
    <br />
    or algorithms: it is about understanding. -William Paul Thurston
  </p>
</div>
`;
